// Jest Snapshot v1, https://goo.gl/fbAQLP

exports[`DashboardPageHeaderComponent should match snapshot 1`] = `
<pm-dashboard-page-header
  toggleSidenav={[Function EventEmitter]}
>
  <div
    class="docs-primary-header"
  >
    
    
    <button
      class="side-nav-toggle mat-button"
      mat-button=""
    >
      <span
        class="mat-button-wrapper"
      >
        
      
        <span>
          
        
          <mat-icon
            aria-hidden="true"
            class="mat-icon"
            role="img"
          >
            
          menu
        
          </mat-icon>
          
      
        </span>
        
    
      </span>
      <div
        class="mat-button-ripple mat-ripple"
        matripple=""
      />
      <div
        class="mat-button-focus-overlay"
      />
    </button>
    
    
    <h1>
      
    </h1>
    
  
  </div>
</pm-dashboard-page-header>
`;
