// Jest Snapshot v1, https://goo.gl/fbAQLP

exports[`NotFoundComponent should match snapshot 1`] = `
<pm-not-found>
  <md-card
    class="mat-card"
  >
    
    PAGE NOT FOUND
  
  </md-card>
</pm-not-found>
`;

exports[`NotFoundComponent should show text 1`] = `
<pm-not-found>
  <md-card
    class="mat-card"
  >
    
    PAGE NOT FOUND
  
  </md-card>
</pm-not-found>
`;
