// Jest Snapshot v1, https://goo.gl/fbAQLP

exports[`NotFoundComponent should compile 1`] = `
<test-component>
  <pm-not-found
    class="vert-flex-fill"
  >
    
    <div
      class="vert-flex-fill"
      ng-reflect-ng-switch="false"
    >
      
    
      
      
    
      
      <div
        class="vert-flex-fill"
      >
        
      
        <div
          ng-reflect-html="SafeValue must use [property]="
          pmhtmloutlet=""
        />
        
      
        <footer
          class="footer mat-elevation-z6"
        >
          
        
          
          <button
            class="mat-raised-button mat-accent"
            color="accent"
            mat-raised-button=""
            ng-reflect-color="accent"
          >
            <span
              class="mat-button-wrapper"
            >
              Edit
            </span>
            <div
              class="mat-button-ripple mat-ripple"
              matripple=""
              ng-reflect-centered="false"
              ng-reflect-disabled="false"
              ng-reflect-trigger="[object HTMLButtonElement]"
            />
            <div
              class="mat-button-focus-overlay"
            />
          </button>
          
      
        </footer>
        
    
      </div>
      
  
    </div>
  </pm-not-found>
</test-component>
`;
