// Jest Snapshot v1, https://goo.gl/fbAQLP

exports[`NotFoundComponent should compile 1`] = `
<pm-not-found
  auth={[Function Object]}
  db={[Function Object]}
  editingSource={[Function Subject]}
  editor="undefined"
  flexFill={[Function Boolean]}
  page$={[Function Observable]}
  req={[Function Object]}
  rs={[Function ServerResponseService]}
  sanitizer={[Function DomSanitizerImpl]}
  seo={[Function SEOService]}
  settingsForm={[Function FormGroup]}
  url$={[Function Observable]}
  view$={[Function Observable]}
>
  <div
    class="vert-flex-fill"
    ng-reflect-ng-switch="false"
  >
    
    
    
    
    
    
    <div
      class="vert-flex-fill"
    >
      
      
      <div
        pmhtmloutlet=""
      />
      
      
      <footer
        class="footer"
      >
        
        
        
        
      
      </footer>
      
    
    </div>
    
  
  </div>
</pm-not-found>
`;

exports[`NotFoundComponent should show text 1`] = `
<pm-not-found>
  PAGE NOT FOUND
</pm-not-found>
`;
